<script>!function(){var n="wow";return n}();</script>
