<script type="application/json">{"foo":"bar","wow":{"amaze":"very wow"}}</script>
