<form wow="amaze"></form><input wow="amaze"><button wow="amaze"></button><link wow="amaze"><style wow="amaze"></style><script wow="amaze"></script><area wow="amaze">
