<svg width="178" height="297" viewBox="0 0 178 297" xmlns="http://www.w3.org/2000/svg"><title>Slice 1</title><g fill="#D8D8D8" fill-rule="evenodd" stroke="#979797"><circle cx="45" cy="252" r="44"></circle><circle cx="133" cy="252" r="44"></circle><ellipse cx="89.5" cy="113" rx="29.5" ry="112"></ellipse></g></svg>
