<!DOCTYPE html><html><head><title>Wow!</title></head><body><p>hello world</p></body></html>
